src/database.ts(1,8): error TS1295: ECMAScript imports and exports cannot be written in a CommonJS file under 'verbatimModuleSyntax'. Adjust the 'type' field in the nearest 'package.json' to make this file an ECMAScript module, or adjust your 'verbatimModuleSyntax', 'module', and 'moduleResolution' settings in TypeScript.
src/database.ts(2,8): error TS1295: ECMAScript imports and exports cannot be written in a CommonJS file under 'verbatimModuleSyntax'. Adjust the 'type' field in the nearest 'package.json' to make this file an ECMAScript module, or adjust your 'verbatimModuleSyntax', 'module', and 'moduleResolution' settings in TypeScript.
src/database.ts(3,8): error TS1295: ECMAScript imports and exports cannot be written in a CommonJS file under 'verbatimModuleSyntax'. Adjust the 'type' field in the nearest 'package.json' to make this file an ECMAScript module, or adjust your 'verbatimModuleSyntax', 'module', and 'moduleResolution' settings in TypeScript.
src/database.ts(8,1): error TS1287: A top-level 'export' modifier cannot be used on value declarations in a CommonJS module when 'verbatimModuleSyntax' is enabled.
src/database.ts(103,10): error TS1295: ECMAScript imports and exports cannot be written in a CommonJS file under 'verbatimModuleSyntax'. Adjust the 'type' field in the nearest 'package.json' to make this file an ECMAScript module, or adjust your 'verbatimModuleSyntax', 'module', and 'moduleResolution' settings in TypeScript.
src/routes/auth.ts(1,8): error TS1295: ECMAScript imports and exports cannot be written in a CommonJS file under 'verbatimModuleSyntax'. Adjust the 'type' field in the nearest 'package.json' to make this file an ECMAScript module, or adjust your 'verbatimModuleSyntax', 'module', and 'moduleResolution' settings in TypeScript.
src/routes/auth.ts(1,19): error TS1295: ECMAScript imports and exports cannot be written in a CommonJS file under 'verbatimModuleSyntax'. Adjust the 'type' field in the nearest 'package.json' to make this file an ECMAScript module, or adjust your 'verbatimModuleSyntax', 'module', and 'moduleResolution' settings in TypeScript.
src/routes/auth.ts(1,19): error TS1484: 'Request' is a type and must be imported using a type-only import when 'verbatimModuleSyntax' is enabled.
src/routes/auth.ts(1,28): error TS1295: ECMAScript imports and exports cannot be written in a CommonJS file under 'verbatimModuleSyntax'. Adjust the 'type' field in the nearest 'package.json' to make this file an ECMAScript module, or adjust your 'verbatimModuleSyntax', 'module', and 'moduleResolution' settings in TypeScript.
src/routes/auth.ts(1,28): error TS1484: 'Response' is a type and must be imported using a type-only import when 'verbatimModuleSyntax' is enabled.
src/routes/auth.ts(2,8): error TS1295: ECMAScript imports and exports cannot be written in a CommonJS file under 'verbatimModuleSyntax'. Adjust the 'type' field in the nearest 'package.json' to make this file an ECMAScript module, or adjust your 'verbatimModuleSyntax', 'module', and 'moduleResolution' settings in TypeScript.
src/routes/auth.ts(3,8): error TS1295: ECMAScript imports and exports cannot be written in a CommonJS file under 'verbatimModuleSyntax'. Adjust the 'type' field in the nearest 'package.json' to make this file an ECMAScript module, or adjust your 'verbatimModuleSyntax', 'module', and 'moduleResolution' settings in TypeScript.
src/routes/auth.ts(4,10): error TS1295: ECMAScript imports and exports cannot be written in a CommonJS file under 'verbatimModuleSyntax'. Adjust the 'type' field in the nearest 'package.json' to make this file an ECMAScript module, or adjust your 'verbatimModuleSyntax', 'module', and 'moduleResolution' settings in TypeScript.
src/routes/auth.ts(5,10): error TS1295: ECMAScript imports and exports cannot be written in a CommonJS file under 'verbatimModuleSyntax'. Adjust the 'type' field in the nearest 'package.json' to make this file an ECMAScript module, or adjust your 'verbatimModuleSyntax', 'module', and 'moduleResolution' settings in TypeScript.
src/routes/auth.ts(5,10): error TS1484: 'User' is a type and must be imported using a type-only import when 'verbatimModuleSyntax' is enabled.
src/routes/auth.ts(43,33): error TS2503: Cannot find namespace 'sqlite3'.
src/routes/auth.ts(148,1): error TS1295: ECMAScript imports and exports cannot be written in a CommonJS file under 'verbatimModuleSyntax'. Adjust the 'type' field in the nearest 'package.json' to make this file an ECMAScript module, or adjust your 'verbatimModuleSyntax', 'module', and 'moduleResolution' settings in TypeScript.
src/routes/auth.ts(149,10): error TS1295: ECMAScript imports and exports cannot be written in a CommonJS file under 'verbatimModuleSyntax'. Adjust the 'type' field in the nearest 'package.json' to make this file an ECMAScript module, or adjust your 'verbatimModuleSyntax', 'module', and 'moduleResolution' settings in TypeScript.
src/routes/posts.ts(1,8): error TS1295: ECMAScript imports and exports cannot be written in a CommonJS file under 'verbatimModuleSyntax'. Adjust the 'type' field in the nearest 'package.json' to make this file an ECMAScript module, or adjust your 'verbatimModuleSyntax', 'module', and 'moduleResolution' settings in TypeScript.
src/routes/posts.ts(1,19): error TS1295: ECMAScript imports and exports cannot be written in a CommonJS file under 'verbatimModuleSyntax'. Adjust the 'type' field in the nearest 'package.json' to make this file an ECMAScript module, or adjust your 'verbatimModuleSyntax', 'module', and 'moduleResolution' settings in TypeScript.
src/routes/posts.ts(1,19): error TS1484: 'Request' is a type and must be imported using a type-only import when 'verbatimModuleSyntax' is enabled.
src/routes/posts.ts(1,28): error TS1295: ECMAScript imports and exports cannot be written in a CommonJS file under 'verbatimModuleSyntax'. Adjust the 'type' field in the nearest 'package.json' to make this file an ECMAScript module, or adjust your 'verbatimModuleSyntax', 'module', and 'moduleResolution' settings in TypeScript.
src/routes/posts.ts(1,28): error TS1484: 'Response' is a type and must be imported using a type-only import when 'verbatimModuleSyntax' is enabled.
src/routes/posts.ts(1,38): error TS1295: ECMAScript imports and exports cannot be written in a CommonJS file under 'verbatimModuleSyntax'. Adjust the 'type' field in the nearest 'package.json' to make this file an ECMAScript module, or adjust your 'verbatimModuleSyntax', 'module', and 'moduleResolution' settings in TypeScript.
src/routes/posts.ts(1,38): error TS1484: 'NextFunction' is a type and must be imported using a type-only import when 'verbatimModuleSyntax' is enabled.
src/routes/posts.ts(2,8): error TS1295: ECMAScript imports and exports cannot be written in a CommonJS file under 'verbatimModuleSyntax'. Adjust the 'type' field in the nearest 'package.json' to make this file an ECMAScript module, or adjust your 'verbatimModuleSyntax', 'module', and 'moduleResolution' settings in TypeScript.
src/routes/posts.ts(3,8): error TS1295: ECMAScript imports and exports cannot be written in a CommonJS file under 'verbatimModuleSyntax'. Adjust the 'type' field in the nearest 'package.json' to make this file an ECMAScript module, or adjust your 'verbatimModuleSyntax', 'module', and 'moduleResolution' settings in TypeScript.
src/routes/posts.ts(4,8): error TS1295: ECMAScript imports and exports cannot be written in a CommonJS file under 'verbatimModuleSyntax'. Adjust the 'type' field in the nearest 'package.json' to make this file an ECMAScript module, or adjust your 'verbatimModuleSyntax', 'module', and 'moduleResolution' settings in TypeScript.
src/routes/posts.ts(5,8): error TS1295: ECMAScript imports and exports cannot be written in a CommonJS file under 'verbatimModuleSyntax'. Adjust the 'type' field in the nearest 'package.json' to make this file an ECMAScript module, or adjust your 'verbatimModuleSyntax', 'module', and 'moduleResolution' settings in TypeScript.
src/routes/posts.ts(6,10): error TS1295: ECMAScript imports and exports cannot be written in a CommonJS file under 'verbatimModuleSyntax'. Adjust the 'type' field in the nearest 'package.json' to make this file an ECMAScript module, or adjust your 'verbatimModuleSyntax', 'module', and 'moduleResolution' settings in TypeScript.
src/routes/posts.ts(7,10): error TS1295: ECMAScript imports and exports cannot be written in a CommonJS file under 'verbatimModuleSyntax'. Adjust the 'type' field in the nearest 'package.json' to make this file an ECMAScript module, or adjust your 'verbatimModuleSyntax', 'module', and 'moduleResolution' settings in TypeScript.
src/routes/posts.ts(8,10): error TS1295: ECMAScript imports and exports cannot be written in a CommonJS file under 'verbatimModuleSyntax'. Adjust the 'type' field in the nearest 'package.json' to make this file an ECMAScript module, or adjust your 'verbatimModuleSyntax', 'module', and 'moduleResolution' settings in TypeScript.
src/routes/posts.ts(9,10): error TS1295: ECMAScript imports and exports cannot be written in a CommonJS file under 'verbatimModuleSyntax'. Adjust the 'type' field in the nearest 'package.json' to make this file an ECMAScript module, or adjust your 'verbatimModuleSyntax', 'module', and 'moduleResolution' settings in TypeScript.
src/routes/posts.ts(9,10): error TS1484: 'Post' is a type and must be imported using a type-only import when 'verbatimModuleSyntax' is enabled.
src/routes/posts.ts(9,16): error TS1295: ECMAScript imports and exports cannot be written in a CommonJS file under 'verbatimModuleSyntax'. Adjust the 'type' field in the nearest 'package.json' to make this file an ECMAScript module, or adjust your 'verbatimModuleSyntax', 'module', and 'moduleResolution' settings in TypeScript.
src/routes/posts.ts(9,16): error TS1484: 'Comment' is a type and must be imported using a type-only import when 'verbatimModuleSyntax' is enabled.
src/routes/posts.ts(10,8): error TS1295: ECMAScript imports and exports cannot be written in a CommonJS file under 'verbatimModuleSyntax'. Adjust the 'type' field in the nearest 'package.json' to make this file an ECMAScript module, or adjust your 'verbatimModuleSyntax', 'module', and 'moduleResolution' settings in TypeScript.
src/routes/posts.ts(297,1): error TS1295: ECMAScript imports and exports cannot be written in a CommonJS file under 'verbatimModuleSyntax'. Adjust the 'type' field in the nearest 'package.json' to make this file an ECMAScript module, or adjust your 'verbatimModuleSyntax', 'module', and 'moduleResolution' settings in TypeScript.
src/routes/posts.ts(298,10): error TS1295: ECMAScript imports and exports cannot be written in a CommonJS file under 'verbatimModuleSyntax'. Adjust the 'type' field in the nearest 'package.json' to make this file an ECMAScript module, or adjust your 'verbatimModuleSyntax', 'module', and 'moduleResolution' settings in TypeScript.
src/routes/posts.ts(298,24): error TS1205: Re-exporting a type when 'verbatimModuleSyntax' is enabled requires using 'export type'.
src/routes/posts.ts(298,24): error TS1295: ECMAScript imports and exports cannot be written in a CommonJS file under 'verbatimModuleSyntax'. Adjust the 'type' field in the nearest 'package.json' to make this file an ECMAScript module, or adjust your 'verbatimModuleSyntax', 'module', and 'moduleResolution' settings in TypeScript.
src/routes/users.ts(1,8): error TS1295: ECMAScript imports and exports cannot be written in a CommonJS file under 'verbatimModuleSyntax'. Adjust the 'type' field in the nearest 'package.json' to make this file an ECMAScript module, or adjust your 'verbatimModuleSyntax', 'module', and 'moduleResolution' settings in TypeScript.
src/routes/users.ts(1,19): error TS1295: ECMAScript imports and exports cannot be written in a CommonJS file under 'verbatimModuleSyntax'. Adjust the 'type' field in the nearest 'package.json' to make this file an ECMAScript module, or adjust your 'verbatimModuleSyntax', 'module', and 'moduleResolution' settings in TypeScript.
src/routes/users.ts(1,19): error TS1484: 'Response' is a type and must be imported using a type-only import when 'verbatimModuleSyntax' is enabled.
src/routes/users.ts(1,29): error TS1295: ECMAScript imports and exports cannot be written in a CommonJS file under 'verbatimModuleSyntax'. Adjust the 'type' field in the nearest 'package.json' to make this file an ECMAScript module, or adjust your 'verbatimModuleSyntax', 'module', and 'moduleResolution' settings in TypeScript.
src/routes/users.ts(1,29): error TS1484: 'NextFunction' is a type and must be imported using a type-only import when 'verbatimModuleSyntax' is enabled.
src/routes/users.ts(2,8): error TS1295: ECMAScript imports and exports cannot be written in a CommonJS file under 'verbatimModuleSyntax'. Adjust the 'type' field in the nearest 'package.json' to make this file an ECMAScript module, or adjust your 'verbatimModuleSyntax', 'module', and 'moduleResolution' settings in TypeScript.
src/routes/users.ts(3,8): error TS1295: ECMAScript imports and exports cannot be written in a CommonJS file under 'verbatimModuleSyntax'. Adjust the 'type' field in the nearest 'package.json' to make this file an ECMAScript module, or adjust your 'verbatimModuleSyntax', 'module', and 'moduleResolution' settings in TypeScript.
src/routes/users.ts(4,8): error TS1295: ECMAScript imports and exports cannot be written in a CommonJS file under 'verbatimModuleSyntax'. Adjust the 'type' field in the nearest 'package.json' to make this file an ECMAScript module, or adjust your 'verbatimModuleSyntax', 'module', and 'moduleResolution' settings in TypeScript.
src/routes/users.ts(5,8): error TS1295: ECMAScript imports and exports cannot be written in a CommonJS file under 'verbatimModuleSyntax'. Adjust the 'type' field in the nearest 'package.json' to make this file an ECMAScript module, or adjust your 'verbatimModuleSyntax', 'module', and 'moduleResolution' settings in TypeScript.
src/routes/users.ts(6,10): error TS1295: ECMAScript imports and exports cannot be written in a CommonJS file under 'verbatimModuleSyntax'. Adjust the 'type' field in the nearest 'package.json' to make this file an ECMAScript module, or adjust your 'verbatimModuleSyntax', 'module', and 'moduleResolution' settings in TypeScript.
src/routes/users.ts(7,10): error TS1295: ECMAScript imports and exports cannot be written in a CommonJS file under 'verbatimModuleSyntax'. Adjust the 'type' field in the nearest 'package.json' to make this file an ECMAScript module, or adjust your 'verbatimModuleSyntax', 'module', and 'moduleResolution' settings in TypeScript.
src/routes/users.ts(8,10): error TS1295: ECMAScript imports and exports cannot be written in a CommonJS file under 'verbatimModuleSyntax'. Adjust the 'type' field in the nearest 'package.json' to make this file an ECMAScript module, or adjust your 'verbatimModuleSyntax', 'module', and 'moduleResolution' settings in TypeScript.
src/routes/users.ts(9,10): error TS1295: ECMAScript imports and exports cannot be written in a CommonJS file under 'verbatimModuleSyntax'. Adjust the 'type' field in the nearest 'package.json' to make this file an ECMAScript module, or adjust your 'verbatimModuleSyntax', 'module', and 'moduleResolution' settings in TypeScript.
src/routes/users.ts(9,24): error TS1295: ECMAScript imports and exports cannot be written in a CommonJS file under 'verbatimModuleSyntax'. Adjust the 'type' field in the nearest 'package.json' to make this file an ECMAScript module, or adjust your 'verbatimModuleSyntax', 'module', and 'moduleResolution' settings in TypeScript.
src/routes/users.ts(9,24): error TS1484: 'AuthRequest' is a type and must be imported using a type-only import when 'verbatimModuleSyntax' is enabled.
src/routes/users.ts(10,10): error TS1295: ECMAScript imports and exports cannot be written in a CommonJS file under 'verbatimModuleSyntax'. Adjust the 'type' field in the nearest 'package.json' to make this file an ECMAScript module, or adjust your 'verbatimModuleSyntax', 'module', and 'moduleResolution' settings in TypeScript.
src/routes/users.ts(10,10): error TS1484: 'User' is a type and must be imported using a type-only import when 'verbatimModuleSyntax' is enabled.
src/routes/users.ts(107,36): error TS2769: No overload matches this call.
  The last overload gave the following error.
    Argument of type 'string | undefined' is not assignable to parameter of type 'string'.
      Type 'undefined' is not assignable to type 'string'.
src/routes/users.ts(215,35): error TS2345: Argument of type 'string | string[] | undefined' is not assignable to parameter of type 'string'.
  Type 'undefined' is not assignable to type 'string'.
src/routes/users.ts(240,35): error TS2345: Argument of type 'string | string[] | undefined' is not assignable to parameter of type 'string'.
  Type 'undefined' is not assignable to type 'string'.
src/routes/users.ts(270,23): error TS2769: No overload matches this call.
  The last overload gave the following error.
    Argument of type '(req: Request, res: Response) => express.Response<any, Record<string, any>> | undefined' is not assignable to parameter of type 'Application<Record<string, any>>'.
      Type '(req: Request, res: Response<any, Record<string, any>>) => Response<any, Record<string, any>> | undefined' is missing the following properties from type 'Application<Record<string, any>>': init, defaultConfiguration, engine, set, and 63 more.
src/routes/users.ts(271,23): error TS2339: Property 'query' does not exist on type 'Request'.
src/routes/users.ts(347,35): error TS2345: Argument of type 'string | string[] | undefined' is not assignable to parameter of type 'string'.
  Type 'undefined' is not assignable to type 'string'.
src/routes/users.ts(374,1): error TS1295: ECMAScript imports and exports cannot be written in a CommonJS file under 'verbatimModuleSyntax'. Adjust the 'type' field in the nearest 'package.json' to make this file an ECMAScript module, or adjust your 'verbatimModuleSyntax', 'module', and 'moduleResolution' settings in TypeScript.
src/server.ts(1,8): error TS1295: ECMAScript imports and exports cannot be written in a CommonJS file under 'verbatimModuleSyntax'. Adjust the 'type' field in the nearest 'package.json' to make this file an ECMAScript module, or adjust your 'verbatimModuleSyntax', 'module', and 'moduleResolution' settings in TypeScript.
src/server.ts(1,19): error TS1295: ECMAScript imports and exports cannot be written in a CommonJS file under 'verbatimModuleSyntax'. Adjust the 'type' field in the nearest 'package.json' to make this file an ECMAScript module, or adjust your 'verbatimModuleSyntax', 'module', and 'moduleResolution' settings in TypeScript.
src/server.ts(1,19): error TS1484: 'Request' is a type and must be imported using a type-only import when 'verbatimModuleSyntax' is enabled.
src/server.ts(1,28): error TS1295: ECMAScript imports and exports cannot be written in a CommonJS file under 'verbatimModuleSyntax'. Adjust the 'type' field in the nearest 'package.json' to make this file an ECMAScript module, or adjust your 'verbatimModuleSyntax', 'module', and 'moduleResolution' settings in TypeScript.
src/server.ts(1,28): error TS1484: 'Response' is a type and must be imported using a type-only import when 'verbatimModuleSyntax' is enabled.
src/server.ts(2,8): error TS1295: ECMAScript imports and exports cannot be written in a CommonJS file under 'verbatimModuleSyntax'. Adjust the 'type' field in the nearest 'package.json' to make this file an ECMAScript module, or adjust your 'verbatimModuleSyntax', 'module', and 'moduleResolution' settings in TypeScript.
src/server.ts(3,8): error TS1295: ECMAScript imports and exports cannot be written in a CommonJS file under 'verbatimModuleSyntax'. Adjust the 'type' field in the nearest 'package.json' to make this file an ECMAScript module, or adjust your 'verbatimModuleSyntax', 'module', and 'moduleResolution' settings in TypeScript.
src/server.ts(4,8): error TS1295: ECMAScript imports and exports cannot be written in a CommonJS file under 'verbatimModuleSyntax'. Adjust the 'type' field in the nearest 'package.json' to make this file an ECMAScript module, or adjust your 'verbatimModuleSyntax', 'module', and 'moduleResolution' settings in TypeScript.
src/server.ts(6,10): error TS1295: ECMAScript imports and exports cannot be written in a CommonJS file under 'verbatimModuleSyntax'. Adjust the 'type' field in the nearest 'package.json' to make this file an ECMAScript module, or adjust your 'verbatimModuleSyntax', 'module', and 'moduleResolution' settings in TypeScript.
src/server.ts(7,8): error TS1295: ECMAScript imports and exports cannot be written in a CommonJS file under 'verbatimModuleSyntax'. Adjust the 'type' field in the nearest 'package.json' to make this file an ECMAScript module, or adjust your 'verbatimModuleSyntax', 'module', and 'moduleResolution' settings in TypeScript.
src/server.ts(8,8): error TS1295: ECMAScript imports and exports cannot be written in a CommonJS file under 'verbatimModuleSyntax'. Adjust the 'type' field in the nearest 'package.json' to make this file an ECMAScript module, or adjust your 'verbatimModuleSyntax', 'module', and 'moduleResolution' settings in TypeScript.
src/server.ts(9,8): error TS1295: ECMAScript imports and exports cannot be written in a CommonJS file under 'verbatimModuleSyntax'. Adjust the 'type' field in the nearest 'package.json' to make this file an ECMAScript module, or adjust your 'verbatimModuleSyntax', 'module', and 'moduleResolution' settings in TypeScript.
